Archive member included to satisfy reference by file (symbol)

c:/program files (x86)/atmel/studio/7.0/toolchain/avr8/avr8-gnu-toolchain/bin/../lib/gcc/avr/5.4.0/avr5\libgcc.a(_exit.o)
                              C:/Program Files (x86)/Atmel/Studio/7.0/Packs/atmel/ATmega_DFP/1.7.374/gcc/dev/atmega32a/avr5/crtatmega32a.o (exit)
c:/program files (x86)/atmel/studio/7.0/toolchain/avr8/avr8-gnu-toolchain/bin/../lib/gcc/avr/5.4.0/avr5\libgcc.a(_tablejump2.o)
                              APP/APP.o (__tablejump2__)
c:/program files (x86)/atmel/studio/7.0/toolchain/avr8/avr8-gnu-toolchain/bin/../lib/gcc/avr/5.4.0/avr5\libgcc.a(_copy_data.o)
                              APP/APP.o (__do_copy_data)
c:/program files (x86)/atmel/studio/7.0/toolchain/avr8/avr8-gnu-toolchain/bin/../lib/gcc/avr/5.4.0/avr5\libgcc.a(_clear_bss.o)
                              APP/APP.o (__do_clear_bss)
c:/program files (x86)/atmel/studio/7.0/toolchain/avr8/avr8-gnu-toolchain/bin/../lib/gcc/avr/5.4.0/../../../../avr/lib/avr5\libc.a(itoa_ncheck.o)
                              APP/APP.o (__itoa_ncheck)
c:/program files (x86)/atmel/studio/7.0/toolchain/avr8/avr8-gnu-toolchain/bin/../lib/gcc/avr/5.4.0/../../../../avr/lib/avr5\libc.a(utoa_ncheck.o)
                              c:/program files (x86)/atmel/studio/7.0/toolchain/avr8/avr8-gnu-toolchain/bin/../lib/gcc/avr/5.4.0/../../../../avr/lib/avr5\libc.a(itoa_ncheck.o) (__utoa_common)
c:/program files (x86)/atmel/studio/7.0/toolchain/avr8/avr8-gnu-toolchain/bin/../lib/gcc/avr/5.4.0/../../../../avr/lib/avr5\libc.a(strrev.o)
                              c:/program files (x86)/atmel/studio/7.0/toolchain/avr8/avr8-gnu-toolchain/bin/../lib/gcc/avr/5.4.0/../../../../avr/lib/avr5\libc.a(utoa_ncheck.o) (strrev)

Allocating common symbols
Common symbol       size              file

password            0x4               APP/APP.o
bluetooth_pass_check
                    0x4               APP/APP.o
Pass_check          0x4               APP/APP.o

Discarded input sections

 .data          0x00000000        0x0 C:/Program Files (x86)/Atmel/Studio/7.0/Packs/atmel/ATmega_DFP/1.7.374/gcc/dev/atmega32a/avr5/crtatmega32a.o
 .bss           0x00000000        0x0 C:/Program Files (x86)/Atmel/Studio/7.0/Packs/atmel/ATmega_DFP/1.7.374/gcc/dev/atmega32a/avr5/crtatmega32a.o
 .text          0x00000000        0x0 APP/APP.o
 .data          0x00000000        0x0 APP/APP.o
 .bss           0x00000000        0x0 APP/APP.o
 .bss.B_Percent
                0x00000000        0x1 APP/APP.o
 .text          0x00000000        0x0 HAL/Buzzer/src/Buzzer.o
 .data          0x00000000        0x0 HAL/Buzzer/src/Buzzer.o
 .bss           0x00000000        0x0 HAL/Buzzer/src/Buzzer.o
 .text.Buz_Toggle
                0x00000000        0x6 HAL/Buzzer/src/Buzzer.o
 .text          0x00000000        0x0 HAL/EEPROM/src/EEPROM.o
 .data          0x00000000        0x0 HAL/EEPROM/src/EEPROM.o
 .bss           0x00000000        0x0 HAL/EEPROM/src/EEPROM.o
 .text          0x00000000        0x0 HAL/HC-06/src/Bluetooth.o
 .data          0x00000000        0x0 HAL/HC-06/src/Bluetooth.o
 .bss           0x00000000        0x0 HAL/HC-06/src/Bluetooth.o
 .text.Bluetooth_Transmit
                0x00000000        0x6 HAL/HC-06/src/Bluetooth.o
 .text.Bluetooth_Receive
                0x00000000        0x6 HAL/HC-06/src/Bluetooth.o
 .text          0x00000000        0x0 HAL/Keypad/src/Keypad.o
 .data          0x00000000        0x0 HAL/Keypad/src/Keypad.o
 .bss           0x00000000        0x0 HAL/Keypad/src/Keypad.o
 .text          0x00000000        0x0 HAL/LCD/src/LCD.o
 .data          0x00000000        0x0 HAL/LCD/src/LCD.o
 .bss           0x00000000        0x0 HAL/LCD/src/LCD.o
 .text          0x00000000        0x0 HAL/LED/src/LED.o
 .data          0x00000000        0x0 HAL/LED/src/LED.o
 .bss           0x00000000        0x0 HAL/LED/src/LED.o
 .text.LED_Toggle
                0x00000000        0x6 HAL/LED/src/LED.o
 .text.LED_ReadStatus
                0x00000000        0x6 HAL/LED/src/LED.o
 .text          0x00000000        0x0 HAL/LM35/src/LM35.o
 .data          0x00000000        0x0 HAL/LM35/src/LM35.o
 .bss           0x00000000        0x0 HAL/LM35/src/LM35.o
 .text.LM35_Init
                0x00000000        0x6 HAL/LM35/src/LM35.o
 .text.LM35_Read
                0x00000000       0x14 HAL/LM35/src/LM35.o
 .debug_info    0x00000000      0x15c HAL/LM35/src/LM35.o
 .debug_abbrev  0x00000000       0xd7 HAL/LM35/src/LM35.o
 .debug_loc     0x00000000       0x54 HAL/LM35/src/LM35.o
 .debug_aranges
                0x00000000       0x28 HAL/LM35/src/LM35.o
 .debug_ranges  0x00000000       0x18 HAL/LM35/src/LM35.o
 .debug_line    0x00000000       0xb0 HAL/LM35/src/LM35.o
 .debug_str     0x00000000      0x233 HAL/LM35/src/LM35.o
 .comment       0x00000000       0x31 HAL/LM35/src/LM35.o
 .debug_frame   0x00000000       0x34 HAL/LM35/src/LM35.o
 .text          0x00000000        0x0 main.o
 .data          0x00000000        0x0 main.o
 .bss           0x00000000        0x0 main.o
 .text          0x00000000        0x0 MCAL/ADC/src/ADC.o
 .data          0x00000000        0x0 MCAL/ADC/src/ADC.o
 .bss           0x00000000        0x0 MCAL/ADC/src/ADC.o
 .text.ADC_Init
                0x00000000       0x2c MCAL/ADC/src/ADC.o
 .text.ADC_Read
                0x00000000       0x36 MCAL/ADC/src/ADC.o
 .debug_info    0x00000000      0x3ca MCAL/ADC/src/ADC.o
 .debug_abbrev  0x00000000       0xfe MCAL/ADC/src/ADC.o
 .debug_loc     0x00000000       0x58 MCAL/ADC/src/ADC.o
 .debug_aranges
                0x00000000       0x28 MCAL/ADC/src/ADC.o
 .debug_ranges  0x00000000       0x18 MCAL/ADC/src/ADC.o
 .debug_line    0x00000000       0xe7 MCAL/ADC/src/ADC.o
 .debug_str     0x00000000      0x347 MCAL/ADC/src/ADC.o
 .comment       0x00000000       0x31 MCAL/ADC/src/ADC.o
 .debug_frame   0x00000000       0x34 MCAL/ADC/src/ADC.o
 .text          0x00000000        0x0 MCAL/DIO/src/DIO.o
 .data          0x00000000        0x0 MCAL/DIO/src/DIO.o
 .bss           0x00000000        0x0 MCAL/DIO/src/DIO.o
 .text.DIO_ReadPort
                0x00000000       0x24 MCAL/DIO/src/DIO.o
 .text.DIO_TOGChannel
                0x00000000       0x82 MCAL/DIO/src/DIO.o
 .text          0x00000000        0x0 MCAL/DIO/src/DIO_CFG.o
 .data          0x00000000        0x0 MCAL/DIO/src/DIO_CFG.o
 .bss           0x00000000        0x0 MCAL/DIO/src/DIO_CFG.o
 .text          0x00000000        0x0 MCAL/SPI/src/SPI.o
 .data          0x00000000        0x0 MCAL/SPI/src/SPI.o
 .bss           0x00000000        0x0 MCAL/SPI/src/SPI.o
 .text.SPI_SlaveEnable
                0x00000000        0xa MCAL/SPI/src/SPI.o
 .text.SPI_SlaveDisable
                0x00000000        0xa MCAL/SPI/src/SPI.o
 .text          0x00000000        0x0 MCAL/Timer/src/Timer.o
 .data          0x00000000        0x0 MCAL/Timer/src/Timer.o
 .bss           0x00000000        0x0 MCAL/Timer/src/Timer.o
 .debug_line    0x00000000        0x0 MCAL/Timer/src/Timer.o
 .debug_str     0x00000000       0xf4 MCAL/Timer/src/Timer.o
 .comment       0x00000000       0x31 MCAL/Timer/src/Timer.o
 .text          0x00000000        0x0 MCAL/TWI/src/TWI.o
 .data          0x00000000        0x0 MCAL/TWI/src/TWI.o
 .bss           0x00000000        0x0 MCAL/TWI/src/TWI.o
 .text.TWI_Init
                0x00000000        0x8 MCAL/TWI/src/TWI.o
 .text.TWI_Status
                0x00000000        0x6 MCAL/TWI/src/TWI.o
 .text.TWI_Start
                0x00000000       0x24 MCAL/TWI/src/TWI.o
 .text.TWI_Stop
                0x00000000       0x1a MCAL/TWI/src/TWI.o
 .text.TWI_Send
                0x00000000       0x26 MCAL/TWI/src/TWI.o
 .text.TWI_Read_ACK
                0x00000000       0x30 MCAL/TWI/src/TWI.o
 .text.TWI_Read_NACK
                0x00000000       0x30 MCAL/TWI/src/TWI.o
 .debug_info    0x00000000      0x2f0 MCAL/TWI/src/TWI.o
 .debug_abbrev  0x00000000      0x13b MCAL/TWI/src/TWI.o
 .debug_loc     0x00000000       0xc6 MCAL/TWI/src/TWI.o
 .debug_aranges
                0x00000000       0x50 MCAL/TWI/src/TWI.o
 .debug_ranges  0x00000000       0x40 MCAL/TWI/src/TWI.o
 .debug_line    0x00000000      0x1e7 MCAL/TWI/src/TWI.o
 .debug_str     0x00000000      0x286 MCAL/TWI/src/TWI.o
 .comment       0x00000000       0x31 MCAL/TWI/src/TWI.o
 .debug_frame   0x00000000       0x84 MCAL/TWI/src/TWI.o
 .text          0x00000000        0x0 MCAL/UART/src/UART.o
 .data          0x00000000        0x0 MCAL/UART/src/UART.o
 .bss           0x00000000        0x0 MCAL/UART/src/UART.o
 .text.Uart_Receive
                0x00000000        0x8 MCAL/UART/src/UART.o
 .text          0x00000000        0x0 c:/program files (x86)/atmel/studio/7.0/toolchain/avr8/avr8-gnu-toolchain/bin/../lib/gcc/avr/5.4.0/avr5\libgcc.a(_exit.o)
 .data          0x00000000        0x0 c:/program files (x86)/atmel/studio/7.0/toolchain/avr8/avr8-gnu-toolchain/bin/../lib/gcc/avr/5.4.0/avr5\libgcc.a(_exit.o)
 .bss           0x00000000        0x0 c:/program files (x86)/atmel/studio/7.0/toolchain/avr8/avr8-gnu-toolchain/bin/../lib/gcc/avr/5.4.0/avr5\libgcc.a(_exit.o)
 .text.libgcc.mul
                0x00000000        0x0 c:/program files (x86)/atmel/studio/7.0/toolchain/avr8/avr8-gnu-toolchain/bin/../lib/gcc/avr/5.4.0/avr5\libgcc.a(_exit.o)
 .text.libgcc.div
                0x00000000        0x0 c:/program files (x86)/atmel/studio/7.0/toolchain/avr8/avr8-gnu-toolchain/bin/../lib/gcc/avr/5.4.0/avr5\libgcc.a(_exit.o)
 .text.libgcc   0x00000000        0x0 c:/program files (x86)/atmel/studio/7.0/toolchain/avr8/avr8-gnu-toolchain/bin/../lib/gcc/avr/5.4.0/avr5\libgcc.a(_exit.o)
 .text.libgcc.prologue
                0x00000000        0x0 c:/program files (x86)/atmel/studio/7.0/toolchain/avr8/avr8-gnu-toolchain/bin/../lib/gcc/avr/5.4.0/avr5\libgcc.a(_exit.o)
 .text.libgcc.builtins
                0x00000000        0x0 c:/program files (x86)/atmel/studio/7.0/toolchain/avr8/avr8-gnu-toolchain/bin/../lib/gcc/avr/5.4.0/avr5\libgcc.a(_exit.o)
 .text.libgcc.fmul
                0x00000000        0x0 c:/program files (x86)/atmel/studio/7.0/toolchain/avr8/avr8-gnu-toolchain/bin/../lib/gcc/avr/5.4.0/avr5\libgcc.a(_exit.o)
 .text.libgcc.fixed
                0x00000000        0x0 c:/program files (x86)/atmel/studio/7.0/toolchain/avr8/avr8-gnu-toolchain/bin/../lib/gcc/avr/5.4.0/avr5\libgcc.a(_exit.o)
 .text          0x00000000        0x0 c:/program files (x86)/atmel/studio/7.0/toolchain/avr8/avr8-gnu-toolchain/bin/../lib/gcc/avr/5.4.0/avr5\libgcc.a(_tablejump2.o)
 .data          0x00000000        0x0 c:/program files (x86)/atmel/studio/7.0/toolchain/avr8/avr8-gnu-toolchain/bin/../lib/gcc/avr/5.4.0/avr5\libgcc.a(_tablejump2.o)
 .bss           0x00000000        0x0 c:/program files (x86)/atmel/studio/7.0/toolchain/avr8/avr8-gnu-toolchain/bin/../lib/gcc/avr/5.4.0/avr5\libgcc.a(_tablejump2.o)
 .text.libgcc.mul
                0x00000000        0x0 c:/program files (x86)/atmel/studio/7.0/toolchain/avr8/avr8-gnu-toolchain/bin/../lib/gcc/avr/5.4.0/avr5\libgcc.a(_tablejump2.o)
 .text.libgcc.div
                0x00000000        0x0 c:/program files (x86)/atmel/studio/7.0/toolchain/avr8/avr8-gnu-toolchain/bin/../lib/gcc/avr/5.4.0/avr5\libgcc.a(_tablejump2.o)
 .text.libgcc.prologue
                0x00000000        0x0 c:/program files (x86)/atmel/studio/7.0/toolchain/avr8/avr8-gnu-toolchain/bin/../lib/gcc/avr/5.4.0/avr5\libgcc.a(_tablejump2.o)
 .text.libgcc.builtins
                0x00000000        0x0 c:/program files (x86)/atmel/studio/7.0/toolchain/avr8/avr8-gnu-toolchain/bin/../lib/gcc/avr/5.4.0/avr5\libgcc.a(_tablejump2.o)
 .text.libgcc.fmul
                0x00000000        0x0 c:/program files (x86)/atmel/studio/7.0/toolchain/avr8/avr8-gnu-toolchain/bin/../lib/gcc/avr/5.4.0/avr5\libgcc.a(_tablejump2.o)
 .text.libgcc.fixed
                0x00000000        0x0 c:/program files (x86)/atmel/studio/7.0/toolchain/avr8/avr8-gnu-toolchain/bin/../lib/gcc/avr/5.4.0/avr5\libgcc.a(_tablejump2.o)
 .text          0x00000000        0x0 c:/program files (x86)/atmel/studio/7.0/toolchain/avr8/avr8-gnu-toolchain/bin/../lib/gcc/avr/5.4.0/avr5\libgcc.a(_copy_data.o)
 .data          0x00000000        0x0 c:/program files (x86)/atmel/studio/7.0/toolchain/avr8/avr8-gnu-toolchain/bin/../lib/gcc/avr/5.4.0/avr5\libgcc.a(_copy_data.o)
 .bss           0x00000000        0x0 c:/program files (x86)/atmel/studio/7.0/toolchain/avr8/avr8-gnu-toolchain/bin/../lib/gcc/avr/5.4.0/avr5\libgcc.a(_copy_data.o)
 .text.libgcc.mul
                0x00000000        0x0 c:/program files (x86)/atmel/studio/7.0/toolchain/avr8/avr8-gnu-toolchain/bin/../lib/gcc/avr/5.4.0/avr5\libgcc.a(_copy_data.o)
 .text.libgcc.div
                0x00000000        0x0 c:/program files (x86)/atmel/studio/7.0/toolchain/avr8/avr8-gnu-toolchain/bin/../lib/gcc/avr/5.4.0/avr5\libgcc.a(_copy_data.o)
 .text.libgcc   0x00000000        0x0 c:/program files (x86)/atmel/studio/7.0/toolchain/avr8/avr8-gnu-toolchain/bin/../lib/gcc/avr/5.4.0/avr5\libgcc.a(_copy_data.o)
 .text.libgcc.prologue
                0x00000000        0x0 c:/program files (x86)/atmel/studio/7.0/toolchain/avr8/avr8-gnu-toolchain/bin/../lib/gcc/avr/5.4.0/avr5\libgcc.a(_copy_data.o)
 .text.libgcc.builtins
                0x00000000        0x0 c:/program files (x86)/atmel/studio/7.0/toolchain/avr8/avr8-gnu-toolchain/bin/../lib/gcc/avr/5.4.0/avr5\libgcc.a(_copy_data.o)
 .text.libgcc.fmul
                0x00000000        0x0 c:/program files (x86)/atmel/studio/7.0/toolchain/avr8/avr8-gnu-toolchain/bin/../lib/gcc/avr/5.4.0/avr5\libgcc.a(_copy_data.o)
 .text.libgcc.fixed
                0x00000000        0x0 c:/program files (x86)/atmel/studio/7.0/toolchain/avr8/avr8-gnu-toolchain/bin/../lib/gcc/avr/5.4.0/avr5\libgcc.a(_copy_data.o)
 .text          0x00000000        0x0 c:/program files (x86)/atmel/studio/7.0/toolchain/avr8/avr8-gnu-toolchain/bin/../lib/gcc/avr/5.4.0/avr5\libgcc.a(_clear_bss.o)
 .data          0x00000000        0x0 c:/program files (x86)/atmel/studio/7.0/toolchain/avr8/avr8-gnu-toolchain/bin/../lib/gcc/avr/5.4.0/avr5\libgcc.a(_clear_bss.o)
 .bss           0x00000000        0x0 c:/program files (x86)/atmel/studio/7.0/toolchain/avr8/avr8-gnu-toolchain/bin/../lib/gcc/avr/5.4.0/avr5\libgcc.a(_clear_bss.o)
 .text.libgcc.mul
                0x00000000        0x0 c:/program files (x86)/atmel/studio/7.0/toolchain/avr8/avr8-gnu-toolchain/bin/../lib/gcc/avr/5.4.0/avr5\libgcc.a(_clear_bss.o)
 .text.libgcc.div
                0x00000000        0x0 c:/program files (x86)/atmel/studio/7.0/toolchain/avr8/avr8-gnu-toolchain/bin/../lib/gcc/avr/5.4.0/avr5\libgcc.a(_clear_bss.o)
 .text.libgcc   0x00000000        0x0 c:/program files (x86)/atmel/studio/7.0/toolchain/avr8/avr8-gnu-toolchain/bin/../lib/gcc/avr/5.4.0/avr5\libgcc.a(_clear_bss.o)
 .text.libgcc.prologue
                0x00000000        0x0 c:/program files (x86)/atmel/studio/7.0/toolchain/avr8/avr8-gnu-toolchain/bin/../lib/gcc/avr/5.4.0/avr5\libgcc.a(_clear_bss.o)
 .text.libgcc.builtins
                0x00000000        0x0 c:/program files (x86)/atmel/studio/7.0/toolchain/avr8/avr8-gnu-toolchain/bin/../lib/gcc/avr/5.4.0/avr5\libgcc.a(_clear_bss.o)
 .text.libgcc.fmul
                0x00000000        0x0 c:/program files (x86)/atmel/studio/7.0/toolchain/avr8/avr8-gnu-toolchain/bin/../lib/gcc/avr/5.4.0/avr5\libgcc.a(_clear_bss.o)
 .text.libgcc.fixed
                0x00000000        0x0 c:/program files (x86)/atmel/studio/7.0/toolchain/avr8/avr8-gnu-toolchain/bin/../lib/gcc/avr/5.4.0/avr5\libgcc.a(_clear_bss.o)
 .text          0x00000000        0x0 c:/program files (x86)/atmel/studio/7.0/toolchain/avr8/avr8-gnu-toolchain/bin/../lib/gcc/avr/5.4.0/../../../../avr/lib/avr5\libc.a(itoa_ncheck.o)
 .data          0x00000000        0x0 c:/program files (x86)/atmel/studio/7.0/toolchain/avr8/avr8-gnu-toolchain/bin/../lib/gcc/avr/5.4.0/../../../../avr/lib/avr5\libc.a(itoa_ncheck.o)
 .bss           0x00000000        0x0 c:/program files (x86)/atmel/studio/7.0/toolchain/avr8/avr8-gnu-toolchain/bin/../lib/gcc/avr/5.4.0/../../../../avr/lib/avr5\libc.a(itoa_ncheck.o)
 .text          0x00000000        0x0 c:/program files (x86)/atmel/studio/7.0/toolchain/avr8/avr8-gnu-toolchain/bin/../lib/gcc/avr/5.4.0/../../../../avr/lib/avr5\libc.a(utoa_ncheck.o)
 .data          0x00000000        0x0 c:/program files (x86)/atmel/studio/7.0/toolchain/avr8/avr8-gnu-toolchain/bin/../lib/gcc/avr/5.4.0/../../../../avr/lib/avr5\libc.a(utoa_ncheck.o)
 .bss           0x00000000        0x0 c:/program files (x86)/atmel/studio/7.0/toolchain/avr8/avr8-gnu-toolchain/bin/../lib/gcc/avr/5.4.0/../../../../avr/lib/avr5\libc.a(utoa_ncheck.o)
 .text          0x00000000        0x0 c:/program files (x86)/atmel/studio/7.0/toolchain/avr8/avr8-gnu-toolchain/bin/../lib/gcc/avr/5.4.0/../../../../avr/lib/avr5\libc.a(strrev.o)
 .data          0x00000000        0x0 c:/program files (x86)/atmel/studio/7.0/toolchain/avr8/avr8-gnu-toolchain/bin/../lib/gcc/avr/5.4.0/../../../../avr/lib/avr5\libc.a(strrev.o)
 .bss           0x00000000        0x0 c:/program files (x86)/atmel/studio/7.0/toolchain/avr8/avr8-gnu-toolchain/bin/../lib/gcc/avr/5.4.0/../../../../avr/lib/avr5\libc.a(strrev.o)

Memory Configuration

Name             Origin             Length             Attributes
text             0x00000000         0x00008000         xr
data             0x00800060         0x00000800         rw !x
eeprom           0x00810000         0x00000400         rw !x
fuse             0x00820000         0x00000002         rw !x
lock             0x00830000         0x00000400         rw !x
signature        0x00840000         0x00000400         rw !x
user_signatures  0x00850000         0x00000400         rw !x
*default*        0x00000000         0xffffffff

Linker script and memory map

LOAD C:/Program Files (x86)/Atmel/Studio/7.0/Packs/atmel/ATmega_DFP/1.7.374/gcc/dev/atmega32a/avr5/crtatmega32a.o
LOAD APP/APP.o
LOAD HAL/Buzzer/src/Buzzer.o
LOAD HAL/EEPROM/src/EEPROM.o
LOAD HAL/HC-06/src/Bluetooth.o
LOAD HAL/Keypad/src/Keypad.o
LOAD HAL/LCD/src/LCD.o
LOAD HAL/LED/src/LED.o
LOAD HAL/LM35/src/LM35.o
LOAD main.o
LOAD MCAL/ADC/src/ADC.o
LOAD MCAL/DIO/src/DIO.o
LOAD MCAL/DIO/src/DIO_CFG.o
LOAD MCAL/SPI/src/SPI.o
LOAD MCAL/Timer/src/Timer.o
LOAD MCAL/TWI/src/TWI.o
LOAD MCAL/UART/src/UART.o
START GROUP
LOAD c:/program files (x86)/atmel/studio/7.0/toolchain/avr8/avr8-gnu-toolchain/bin/../lib/gcc/avr/5.4.0/../../../../avr/lib/avr5\libm.a
END GROUP
START GROUP
LOAD c:/program files (x86)/atmel/studio/7.0/toolchain/avr8/avr8-gnu-toolchain/bin/../lib/gcc/avr/5.4.0/avr5\libgcc.a
LOAD c:/program files (x86)/atmel/studio/7.0/toolchain/avr8/avr8-gnu-toolchain/bin/../lib/gcc/avr/5.4.0/../../../../avr/lib/avr5\libm.a
LOAD c:/program files (x86)/atmel/studio/7.0/toolchain/avr8/avr8-gnu-toolchain/bin/../lib/gcc/avr/5.4.0/../../../../avr/lib/avr5\libc.a
LOAD C:/Program Files (x86)/Atmel/Studio/7.0/Packs/atmel/ATmega_DFP/1.7.374/gcc/dev/atmega32a/avr5\libatmega32a.a
END GROUP
                [0x00000000]                __TEXT_REGION_ORIGIN__ = DEFINED (__TEXT_REGION_ORIGIN__)?__TEXT_REGION_ORIGIN__:0x0
                [0x00800060]                __DATA_REGION_ORIGIN__ = DEFINED (__DATA_REGION_ORIGIN__)?__DATA_REGION_ORIGIN__:0x800060
                [0x00008000]                __TEXT_REGION_LENGTH__ = DEFINED (__TEXT_REGION_LENGTH__)?__TEXT_REGION_LENGTH__:0x20000
                [0x00000800]                __DATA_REGION_LENGTH__ = DEFINED (__DATA_REGION_LENGTH__)?__DATA_REGION_LENGTH__:0xffa0
                [0x00000400]                __EEPROM_REGION_LENGTH__ = DEFINED (__EEPROM_REGION_LENGTH__)?__EEPROM_REGION_LENGTH__:0x10000
                [0x00000002]                __FUSE_REGION_LENGTH__ = DEFINED (__FUSE_REGION_LENGTH__)?__FUSE_REGION_LENGTH__:0x400
                0x00000400                __LOCK_REGION_LENGTH__ = DEFINED (__LOCK_REGION_LENGTH__)?__LOCK_REGION_LENGTH__:0x400
                0x00000400                __SIGNATURE_REGION_LENGTH__ = DEFINED (__SIGNATURE_REGION_LENGTH__)?__SIGNATURE_REGION_LENGTH__:0x400
                0x00000400                __USER_SIGNATURE_REGION_LENGTH__ = DEFINED (__USER_SIGNATURE_REGION_LENGTH__)?__USER_SIGNATURE_REGION_LENGTH__:0x400

.hash
 *(.hash)

.dynsym
 *(.dynsym)

.dynstr
 *(.dynstr)

.gnu.version
 *(.gnu.version)

.gnu.version_d
 *(.gnu.version_d)

.gnu.version_r
 *(.gnu.version_r)

.rel.init
 *(.rel.init)

.rela.init
 *(.rela.init)

.rel.text
 *(.rel.text)
 *(.rel.text.*)
 *(.rel.gnu.linkonce.t*)

.rela.text
 *(.rela.text)
 *(.rela.text.*)
 *(.rela.gnu.linkonce.t*)

.rel.fini
 *(.rel.fini)

.rela.fini
 *(.rela.fini)

.rel.rodata
 *(.rel.rodata)
 *(.rel.rodata.*)
 *(.rel.gnu.linkonce.r*)

.rela.rodata
 *(.rela.rodata)
 *(.rela.rodata.*)
 *(.rela.gnu.linkonce.r*)

.rel.data
 *(.rel.data)
 *(.rel.data.*)
 *(.rel.gnu.linkonce.d*)

.rela.data
 *(.rela.data)
 *(.rela.data.*)
 *(.rela.gnu.linkonce.d*)

.rel.ctors
 *(.rel.ctors)

.rela.ctors
 *(.rela.ctors)

.rel.dtors
 *(.rel.dtors)

.rela.dtors
 *(.rela.dtors)

.rel.got
 *(.rel.got)

.rela.got
 *(.rela.got)

.rel.bss
 *(.rel.bss)

.rela.bss
 *(.rela.bss)

.rel.plt
 *(.rel.plt)

.rela.plt
 *(.rela.plt)

.text           0x00000000     0x16b2
 *(.vectors)
 .vectors       0x00000000       0x54 C:/Program Files (x86)/Atmel/Studio/7.0/Packs/atmel/ATmega_DFP/1.7.374/gcc/dev/atmega32a/avr5/crtatmega32a.o
                0x00000000                __vector_default
                0x00000000                __vectors
 *(.vectors)
 *(.progmem.gcc*)
 .progmem.gcc_sw_table.APP_Start_menu
                0x00000054       0x32 APP/APP.o
 .progmem.gcc_sw_table.__vector_13
                0x00000086       0x26 APP/APP.o
                0x000000ac                . = ALIGN (0x2)
                0x000000ac                __trampolines_start = .
 *(.trampolines)
 .trampolines   0x000000ac        0x0 linker stubs
 *(.trampolines*)
                0x000000ac                __trampolines_end = .
 *libprintf_flt.a:*(.progmem.data)
 *libc.a:*(.progmem.data)
 *(.progmem*)
                0x000000ac                . = ALIGN (0x2)
 *(.jumptables)
 *(.jumptables*)
 *(.lowtext)
 *(.lowtext*)
                0x000000ac                __ctors_start = .
 *(.ctors)
                0x000000ac                __ctors_end = .
                0x000000ac                __dtors_start = .
 *(.dtors)
                0x000000ac                __dtors_end = .
 SORT(*)(.ctors)
 SORT(*)(.dtors)
 *(.init0)
 .init0         0x000000ac        0x0 C:/Program Files (x86)/Atmel/Studio/7.0/Packs/atmel/ATmega_DFP/1.7.374/gcc/dev/atmega32a/avr5/crtatmega32a.o
                0x000000ac                __init
 *(.init0)
 *(.init1)
 *(.init1)
 *(.init2)
 .init2         0x000000ac        0xc C:/Program Files (x86)/Atmel/Studio/7.0/Packs/atmel/ATmega_DFP/1.7.374/gcc/dev/atmega32a/avr5/crtatmega32a.o
 *(.init2)
 *(.init3)
 *(.init3)
 *(.init4)
 .init4         0x000000b8       0x16 c:/program files (x86)/atmel/studio/7.0/toolchain/avr8/avr8-gnu-toolchain/bin/../lib/gcc/avr/5.4.0/avr5\libgcc.a(_copy_data.o)
                0x000000b8                __do_copy_data
 .init4         0x000000ce       0x10 c:/program files (x86)/atmel/studio/7.0/toolchain/avr8/avr8-gnu-toolchain/bin/../lib/gcc/avr/5.4.0/avr5\libgcc.a(_clear_bss.o)
                0x000000ce                __do_clear_bss
 *(.init4)
 *(.init5)
 *(.init5)
 *(.init6)
 *(.init6)
 *(.init7)
 *(.init7)
 *(.init8)
 *(.init8)
 *(.init9)
 .init9         0x000000de        0x8 C:/Program Files (x86)/Atmel/Studio/7.0/Packs/atmel/ATmega_DFP/1.7.374/gcc/dev/atmega32a/avr5/crtatmega32a.o
 *(.init9)
 *(.text)
 .text          0x000000e6        0x4 C:/Program Files (x86)/Atmel/Studio/7.0/Packs/atmel/ATmega_DFP/1.7.374/gcc/dev/atmega32a/avr5/crtatmega32a.o
                0x000000e6                __vector_1
                0x000000e6                __vector_12
                0x000000e6                __bad_interrupt
                0x000000e6                __vector_6
                0x000000e6                __vector_3
                0x000000e6                __vector_11
                0x000000e6                __vector_17
                0x000000e6                __vector_19
                0x000000e6                __vector_7
                0x000000e6                __vector_5
                0x000000e6                __vector_4
                0x000000e6                __vector_9
                0x000000e6                __vector_2
                0x000000e6                __vector_15
                0x000000e6                __vector_8
                0x000000e6                __vector_14
                0x000000e6                __vector_10
                0x000000e6                __vector_16
                0x000000e6                __vector_18
                0x000000e6                __vector_20
                0x000000ea                . = ALIGN (0x2)
 *(.text.*)
 .text.APP_init
                0x000000ea       0x68 APP/APP.o
                0x000000ea                APP_init
 .text.APP_First_start
                0x00000152      0x1fa APP/APP.o
                0x00000152                APP_First_start
 .text.APP_Start_login
                0x0000034c      0x4fa APP/APP.o
                0x0000034c                APP_Start_login
 .text.APP_Start_menu
                0x00000846      0x44c APP/APP.o
                0x00000846                APP_Start_menu
 .text.__vector_13
                0x00000c92      0x16c APP/APP.o
                0x00000c92                __vector_13
 .text.Buz_DIR_OUT
                0x00000dfe        0x6 HAL/Buzzer/src/Buzzer.o
                0x00000dfe                Buz_DIR_OUT
 .text.Buz_TurnOn
                0x00000e04        0x8 HAL/Buzzer/src/Buzzer.o
                0x00000e04                Buz_TurnOn
 .text.Buz_TurnOff
                0x00000e0c        0x8 HAL/Buzzer/src/Buzzer.o
                0x00000e0c                Buz_TurnOff
 .text.EEPROM_ReadByte
                0x00000e14       0x12 HAL/EEPROM/src/EEPROM.o
                0x00000e14                EEPROM_ReadByte
 .text.EEPROM_ReadBlock
                0x00000e26       0x32 HAL/EEPROM/src/EEPROM.o
                0x00000e26                EEPROM_ReadBlock
 .text.EEPROM_WriteByte
                0x00000e58       0x24 HAL/EEPROM/src/EEPROM.o
                0x00000e58                EEPROM_WriteByte
 .text.EEPROM_WriteBlock
                0x00000e7c       0x4e HAL/EEPROM/src/EEPROM.o
                0x00000e7c                EEPROM_WriteBlock
 .text.Pass_Compare
                0x00000eca       0x2c HAL/EEPROM/src/EEPROM.o
                0x00000eca                Pass_Compare
 .text.Bluetooth_Init
                0x00000ef6        0x6 HAL/HC-06/src/Bluetooth.o
                0x00000ef6                Bluetooth_Init
 .text.Bluetooth_TransmitString
                0x00000efc        0x6 HAL/HC-06/src/Bluetooth.o
                0x00000efc                Bluetooth_TransmitString
 .text.Bluetooth_New_line
                0x00000f02        0x6 HAL/HC-06/src/Bluetooth.o
                0x00000f02                Bluetooth_New_line
 .text.Bluetooth_T_Admin_menu
                0x00000f08        0x6 HAL/HC-06/src/Bluetooth.o
                0x00000f08                Bluetooth_T_Admin_menu
 .text.GetKeyPress
                0x00000f0e       0xb6 HAL/Keypad/src/Keypad.o
                0x00000f0e                GetKeyPress
 .text.Enable_CLK
                0x00000fc4       0x32 HAL/LCD/src/LCD.o
                0x00000fc4                Enable_CLK
 .text.LCD_Cmd  0x00000ff6       0x28 HAL/LCD/src/LCD.o
                0x00000ff6                LCD_Cmd
 .text.LCD_Init
                0x0000101e       0x68 HAL/LCD/src/LCD.o
                0x0000101e                LCD_Init
 .text.LCD_Char
                0x00001086       0x28 HAL/LCD/src/LCD.o
                0x00001086                LCD_Char
 .text.LCD_String
                0x000010ae       0x26 HAL/LCD/src/LCD.o
                0x000010ae                LCD_String
 .text.LCD_SetPos
                0x000010d4       0x26 HAL/LCD/src/LCD.o
                0x000010d4                LCD_SetPos
 .text.LCD_Clear
                0x000010fa        0x8 HAL/LCD/src/LCD.o
                0x000010fa                LCD_Clear
 .text.LED_DIR_OUT
                0x00001102        0x6 HAL/LED/src/LED.o
                0x00001102                LED_DIR_OUT
 .text.LED_TurnOn
                0x00001108        0x8 HAL/LED/src/LED.o
                0x00001108                LED_TurnOn
 .text.LED_TurnOff
                0x00001110        0x8 HAL/LED/src/LED.o
                0x00001110                LED_TurnOff
 .text.main     0x00001118       0x12 main.o
                0x00001118                main
 .text.DIO_WriteChannel
                0x0000112a      0x104 MCAL/DIO/src/DIO.o
                0x0000112a                DIO_WriteChannel
 .text.DIO_ReadChannel
                0x0000122e       0x70 MCAL/DIO/src/DIO.o
                0x0000122e                DIO_ReadChannel
 .text.DIO_WritePort
                0x0000129e       0x20 MCAL/DIO/src/DIO.o
                0x0000129e                DIO_WritePort
 .text.DIO_ConfigureChannel
                0x000012be      0x104 MCAL/DIO/src/DIO.o
                0x000012be                DIO_ConfigureChannel
 .text.DIO_Init
                0x000013c2      0x14c MCAL/DIO/src/DIO_CFG.o
                0x000013c2                DIO_Init
 .text.SPI_Init
                0x0000150e       0x5e MCAL/SPI/src/SPI.o
                0x0000150e                SPI_Init
 .text.SPI_TxRx
                0x0000156c        0xa MCAL/SPI/src/SPI.o
                0x0000156c                SPI_TxRx
 .text.Uart_Init
                0x00001576       0x12 MCAL/UART/src/UART.o
                0x00001576                Uart_Init
 .text.Uart_Transmit
                0x00001588        0x8 MCAL/UART/src/UART.o
                0x00001588                Uart_Transmit
 .text.Uart_TransmitString
                0x00001590       0x26 MCAL/UART/src/UART.o
                0x00001590                Uart_TransmitString
 .text.New_line
                0x000015b6        0x8 MCAL/UART/src/UART.o
                0x000015b6                New_line
 .text.Uart_T_Admin_menu
                0x000015be       0x7a MCAL/UART/src/UART.o
                0x000015be                Uart_T_Admin_menu
 .text.libgcc   0x00001638        0xc c:/program files (x86)/atmel/studio/7.0/toolchain/avr8/avr8-gnu-toolchain/bin/../lib/gcc/avr/5.4.0/avr5\libgcc.a(_tablejump2.o)
                0x00001638                __tablejump2__
 .text.avr-libc
                0x00001644       0x16 c:/program files (x86)/atmel/studio/7.0/toolchain/avr8/avr8-gnu-toolchain/bin/../lib/gcc/avr/5.4.0/../../../../avr/lib/avr5\libc.a(itoa_ncheck.o)
                0x00001644                __itoa_ncheck
 .text.avr-libc
                0x0000165a       0x34 c:/program files (x86)/atmel/studio/7.0/toolchain/avr8/avr8-gnu-toolchain/bin/../lib/gcc/avr/5.4.0/../../../../avr/lib/avr5\libc.a(utoa_ncheck.o)
                0x0000165a                __utoa_ncheck
                0x0000165c                __utoa_common
 .text.avr-libc
                0x0000168e       0x20 c:/program files (x86)/atmel/studio/7.0/toolchain/avr8/avr8-gnu-toolchain/bin/../lib/gcc/avr/5.4.0/../../../../avr/lib/avr5\libc.a(strrev.o)
                0x0000168e                strrev
                0x000016ae                . = ALIGN (0x2)
 *(.fini9)
 .fini9         0x000016ae        0x0 c:/program files (x86)/atmel/studio/7.0/toolchain/avr8/avr8-gnu-toolchain/bin/../lib/gcc/avr/5.4.0/avr5\libgcc.a(_exit.o)
                0x000016ae                _exit
                0x000016ae                exit
 *(.fini9)
 *(.fini8)
 *(.fini8)
 *(.fini7)
 *(.fini7)
 *(.fini6)
 *(.fini6)
 *(.fini5)
 *(.fini5)
 *(.fini4)
 *(.fini4)
 *(.fini3)
 *(.fini3)
 *(.fini2)
 *(.fini2)
 *(.fini1)
 *(.fini1)
 *(.fini0)
 .fini0         0x000016ae        0x4 c:/program files (x86)/atmel/studio/7.0/toolchain/avr8/avr8-gnu-toolchain/bin/../lib/gcc/avr/5.4.0/avr5\libgcc.a(_exit.o)
 *(.fini0)
                0x000016b2                _etext = .

.data           0x00800060      0x266 load address 0x000016b2
                0x00800060                PROVIDE (__data_start, .)
 *(.data)
 *(.data*)
 .data.Guest_access
                0x00800060        0x1 APP/APP.o
                0x00800060                Guest_access
 .data.KeyPad   0x00800061       0x10 HAL/Keypad/src/Keypad.o
                0x00800061                KeyPad
 .data.KeyPadCol
                0x00800071        0x4 HAL/Keypad/src/Keypad.o
                0x00800071                KeyPadCol
 .data.KeyPadRow
                0x00800075        0x4 HAL/Keypad/src/Keypad.o
                0x00800075                KeyPadRow
 .data.PinCfg   0x00800079       0x40 MCAL/DIO/src/DIO_CFG.o
                0x00800079                PinCfg
 *(.gnu.linkonce.d*)
 *(.rodata)
 *(.rodata*)
 .rodata.str1.1
                0x008000b9      0x1be APP/APP.o
                                0x1fc (size before relaxing)
 .rodata.str1.1
                0x00800277       0x4f MCAL/UART/src/UART.o
 *(.gnu.linkonce.r*)
                0x008002c6                . = ALIGN (0x2)
                0x008002c6                _edata = .
                0x008002c6                PROVIDE (__data_end, .)

.bss            0x008002c6       0x13
                0x008002c6                PROVIDE (__bss_start, .)
 *(.bss)
 *(.bss*)
 .bss.Bluetooth_login
                0x008002c6        0x1 APP/APP.o
                0x008002c6                Bluetooth_login
 .bss.BT_sv_cnt
                0x008002c7        0x1 APP/APP.o
                0x008002c7                BT_sv_cnt
 .bss.rData     0x008002c8        0x1 APP/APP.o
                0x008002c8                rData
 .bss.Cpass     0x008002c9        0x1 APP/APP.o
                0x008002c9                Cpass
 .bss.key_pressed
                0x008002ca        0x1 APP/APP.o
                0x008002ca                key_pressed
 .bss.login_mode
                0x008002cb        0x1 APP/APP.o
                0x008002cb                login_mode
 .bss.menu_count
                0x008002cc        0x1 APP/APP.o
                0x008002cc                menu_count
 *(COMMON)
 COMMON         0x008002cd        0xc APP/APP.o
                0x008002cd                password
                0x008002d1                bluetooth_pass_check
                0x008002d5                Pass_check
                0x008002d9                PROVIDE (__bss_end, .)
                0x000016b2                __data_load_start = LOADADDR (.data)
                0x00001918                __data_load_end = (__data_load_start + SIZEOF (.data))

.noinit         0x008002d9        0x0
                [!provide]                PROVIDE (__noinit_start, .)
 *(.noinit*)
                [!provide]                PROVIDE (__noinit_end, .)
                0x008002d9                _end = .
                [!provide]                PROVIDE (__heap_start, .)

.eeprom         0x00810000        0x0
 *(.eeprom*)
                0x00810000                __eeprom_end = .

.fuse
 *(.fuse)
 *(.lfuse)
 *(.hfuse)
 *(.efuse)

.lock
 *(.lock*)

.signature
 *(.signature*)

.user_signatures
 *(.user_signatures*)

.stab
 *(.stab)

.stabstr
 *(.stabstr)

.stab.excl
 *(.stab.excl)

.stab.exclstr
 *(.stab.exclstr)

.stab.index
 *(.stab.index)

.stab.indexstr
 *(.stab.indexstr)

.comment        0x00000000       0x30
 *(.comment)
 .comment       0x00000000       0x30 APP/APP.o
                                 0x31 (size before relaxing)
 .comment       0x00000030       0x31 HAL/Buzzer/src/Buzzer.o
 .comment       0x00000030       0x31 HAL/EEPROM/src/EEPROM.o
 .comment       0x00000030       0x31 HAL/HC-06/src/Bluetooth.o
 .comment       0x00000030       0x31 HAL/Keypad/src/Keypad.o
 .comment       0x00000030       0x31 HAL/LCD/src/LCD.o
 .comment       0x00000030       0x31 HAL/LED/src/LED.o
 .comment       0x00000030       0x31 main.o
 .comment       0x00000030       0x31 MCAL/DIO/src/DIO.o
 .comment       0x00000030       0x31 MCAL/DIO/src/DIO_CFG.o
 .comment       0x00000030       0x31 MCAL/SPI/src/SPI.o
 .comment       0x00000030       0x31 MCAL/UART/src/UART.o

.note.gnu.avr.deviceinfo
                0x00000000       0x3c
 .note.gnu.avr.deviceinfo
                0x00000000       0x3c C:/Program Files (x86)/Atmel/Studio/7.0/Packs/atmel/ATmega_DFP/1.7.374/gcc/dev/atmega32a/avr5/crtatmega32a.o

.note.gnu.build-id
 *(.note.gnu.build-id)

.debug
 *(.debug)

.line
 *(.line)

.debug_srcinfo
 *(.debug_srcinfo)

.debug_sfnames
 *(.debug_sfnames)

.debug_aranges  0x00000000      0x2b8
 *(.debug_aranges)
 .debug_aranges
                0x00000000       0x40 APP/APP.o
 .debug_aranges
                0x00000040       0x38 HAL/Buzzer/src/Buzzer.o
 .debug_aranges
                0x00000078       0x40 HAL/EEPROM/src/EEPROM.o
 .debug_aranges
                0x000000b8       0x48 HAL/HC-06/src/Bluetooth.o
 .debug_aranges
                0x00000100       0x20 HAL/Keypad/src/Keypad.o
 .debug_aranges
                0x00000120       0x50 HAL/LCD/src/LCD.o
 .debug_aranges
                0x00000170       0x40 HAL/LED/src/LED.o
 .debug_aranges
                0x000001b0       0x20 main.o
 .debug_aranges
                0x000001d0       0x48 MCAL/DIO/src/DIO.o
 .debug_aranges
                0x00000218       0x20 MCAL/DIO/src/DIO_CFG.o
 .debug_aranges
                0x00000238       0x38 MCAL/SPI/src/SPI.o
 .debug_aranges
                0x00000270       0x48 MCAL/UART/src/UART.o

.debug_pubnames
 *(.debug_pubnames)

.debug_info     0x00000000     0x4546
 *(.debug_info .gnu.linkonce.wi.*)
 .debug_info    0x00000000      0x4e6 C:/Program Files (x86)/Atmel/Studio/7.0/Packs/atmel/ATmega_DFP/1.7.374/gcc/dev/atmega32a/avr5/crtatmega32a.o
 .debug_info    0x000004e6     0x2011 APP/APP.o
 .debug_info    0x000024f7      0x1ce HAL/Buzzer/src/Buzzer.o
 .debug_info    0x000026c5      0x24c HAL/EEPROM/src/EEPROM.o
 .debug_info    0x00002911      0x1e1 HAL/HC-06/src/Bluetooth.o
 .debug_info    0x00002af2      0x2a8 HAL/Keypad/src/Keypad.o
 .debug_info    0x00002d9a      0x6f2 HAL/LCD/src/LCD.o
 .debug_info    0x0000348c      0x227 HAL/LED/src/LED.o
 .debug_info    0x000036b3       0xf5 main.o
 .debug_info    0x000037a8      0x389 MCAL/DIO/src/DIO.o
 .debug_info    0x00003b31      0x273 MCAL/DIO/src/DIO_CFG.o
 .debug_info    0x00003da4      0x4c6 MCAL/SPI/src/SPI.o
 .debug_info    0x0000426a      0x2dc MCAL/UART/src/UART.o

.debug_abbrev   0x00000000     0x1110
 *(.debug_abbrev)
 .debug_abbrev  0x00000000      0x4a3 C:/Program Files (x86)/Atmel/Studio/7.0/Packs/atmel/ATmega_DFP/1.7.374/gcc/dev/atmega32a/avr5/crtatmega32a.o
 .debug_abbrev  0x000004a3      0x26b APP/APP.o
 .debug_abbrev  0x0000070e       0xa3 HAL/Buzzer/src/Buzzer.o
 .debug_abbrev  0x000007b1       0xef HAL/EEPROM/src/EEPROM.o
 .debug_abbrev  0x000008a0       0xd1 HAL/HC-06/src/Bluetooth.o
 .debug_abbrev  0x00000971       0xf4 HAL/Keypad/src/Keypad.o
 .debug_abbrev  0x00000a65      0x182 HAL/LCD/src/LCD.o
 .debug_abbrev  0x00000be7       0xce HAL/LED/src/LED.o
 .debug_abbrev  0x00000cb5       0x66 main.o
 .debug_abbrev  0x00000d1b       0xdb MCAL/DIO/src/DIO.o
 .debug_abbrev  0x00000df6       0xb9 MCAL/DIO/src/DIO_CFG.o
 .debug_abbrev  0x00000eaf      0x12f MCAL/SPI/src/SPI.o
 .debug_abbrev  0x00000fde      0x132 MCAL/UART/src/UART.o

.debug_line     0x00000000     0x1e34
 *(.debug_line .debug_line.* .debug_line_end)
 .debug_line    0x00000000      0x116 C:/Program Files (x86)/Atmel/Studio/7.0/Packs/atmel/ATmega_DFP/1.7.374/gcc/dev/atmega32a/avr5/crtatmega32a.o
 .debug_line    0x00000116      0xd9a APP/APP.o
 .debug_line    0x00000eb0       0xc8 HAL/Buzzer/src/Buzzer.o
 .debug_line    0x00000f78      0x203 HAL/EEPROM/src/EEPROM.o
 .debug_line    0x0000117b       0xfc HAL/HC-06/src/Bluetooth.o
 .debug_line    0x00001277      0x123 HAL/Keypad/src/Keypad.o
 .debug_line    0x0000139a      0x2d5 HAL/LCD/src/LCD.o
 .debug_line    0x0000166f       0xde HAL/LED/src/LED.o
 .debug_line    0x0000174d       0x69 main.o
 .debug_line    0x000017b6      0x285 MCAL/DIO/src/DIO.o
 .debug_line    0x00001a3b      0x111 MCAL/DIO/src/DIO_CFG.o
 .debug_line    0x00001b4c      0x153 MCAL/SPI/src/SPI.o
 .debug_line    0x00001c9f      0x195 MCAL/UART/src/UART.o

.debug_frame    0x00000000      0x4dc
 *(.debug_frame)
 .debug_frame   0x00000000       0xc4 APP/APP.o
 .debug_frame   0x000000c4       0x54 HAL/Buzzer/src/Buzzer.o
 .debug_frame   0x00000118       0x70 HAL/EEPROM/src/EEPROM.o
 .debug_frame   0x00000188       0x74 HAL/HC-06/src/Bluetooth.o
 .debug_frame   0x000001fc       0x44 HAL/Keypad/src/Keypad.o
 .debug_frame   0x00000240       0xa4 HAL/LCD/src/LCD.o
 .debug_frame   0x000002e4       0x64 HAL/LED/src/LED.o
 .debug_frame   0x00000348       0x24 main.o
 .debug_frame   0x0000036c       0x74 MCAL/DIO/src/DIO.o
 .debug_frame   0x000003e0       0x24 MCAL/DIO/src/DIO_CFG.o
 .debug_frame   0x00000404       0x54 MCAL/SPI/src/SPI.o
 .debug_frame   0x00000458       0x84 MCAL/UART/src/UART.o

.debug_str      0x00000000      0xc47
 *(.debug_str)
 .debug_str     0x00000000      0x196 C:/Program Files (x86)/Atmel/Studio/7.0/Packs/atmel/ATmega_DFP/1.7.374/gcc/dev/atmega32a/avr5/crtatmega32a.o
 .debug_str     0x00000196      0x5fc APP/APP.o
                                0x63a (size before relaxing)
 .debug_str     0x00000792       0xb6 HAL/Buzzer/src/Buzzer.o
                                0x213 (size before relaxing)
 .debug_str     0x00000848       0xa7 HAL/EEPROM/src/EEPROM.o
                                0x24b (size before relaxing)
 .debug_str     0x000008ef       0x99 HAL/HC-06/src/Bluetooth.o
                                0x25c (size before relaxing)
 .debug_str     0x00000988       0x46 HAL/Keypad/src/Keypad.o
                                0x3a6 (size before relaxing)
 .debug_str     0x000009ce       0x74 HAL/LCD/src/LCD.o
                                0x45f (size before relaxing)
 .debug_str     0x00000a42       0x35 HAL/LED/src/LED.o
                                0x225 (size before relaxing)
 .debug_str     0x00000a77       0x11 main.o
                                0x1c7 (size before relaxing)
 .debug_str     0x00000a88       0x9e MCAL/DIO/src/DIO.o
                                0x460 (size before relaxing)
 .debug_str     0x00000b26       0x2c MCAL/DIO/src/DIO_CFG.o
                                0x407 (size before relaxing)
 .debug_str     0x00000b52       0xdd MCAL/SPI/src/SPI.o
                                0x49f (size before relaxing)
 .debug_str     0x00000c2f       0x18 MCAL/UART/src/UART.o
                                0x1e6 (size before relaxing)

.debug_loc      0x00000000     0x1c80
 *(.debug_loc)
 .debug_loc     0x00000000      0xb9f APP/APP.o
 .debug_loc     0x00000b9f       0xa5 HAL/Buzzer/src/Buzzer.o
 .debug_loc     0x00000c44      0x165 HAL/EEPROM/src/EEPROM.o
 .debug_loc     0x00000da9       0x47 HAL/HC-06/src/Bluetooth.o
 .debug_loc     0x00000df0       0xe0 HAL/Keypad/src/Keypad.o
 .debug_loc     0x00000ed0      0x44c HAL/LCD/src/LCD.o
 .debug_loc     0x0000131c       0xc6 HAL/LED/src/LED.o
 .debug_loc     0x000013e2      0x674 MCAL/DIO/src/DIO.o
 .debug_loc     0x00001a56      0x167 MCAL/DIO/src/DIO_CFG.o
 .debug_loc     0x00001bbd       0x32 MCAL/SPI/src/SPI.o
 .debug_loc     0x00001bef       0x91 MCAL/UART/src/UART.o

.debug_macinfo
 *(.debug_macinfo)

.debug_weaknames
 *(.debug_weaknames)

.debug_funcnames
 *(.debug_funcnames)

.debug_typenames
 *(.debug_typenames)

.debug_varnames
 *(.debug_varnames)

.debug_pubtypes
 *(.debug_pubtypes)

.debug_ranges   0x00000000      0x1f8
 *(.debug_ranges)
 .debug_ranges  0x00000000       0x30 APP/APP.o
 .debug_ranges  0x00000030       0x28 HAL/Buzzer/src/Buzzer.o
 .debug_ranges  0x00000058       0x30 HAL/EEPROM/src/EEPROM.o
 .debug_ranges  0x00000088       0x38 HAL/HC-06/src/Bluetooth.o
 .debug_ranges  0x000000c0       0x10 HAL/Keypad/src/Keypad.o
 .debug_ranges  0x000000d0       0x40 HAL/LCD/src/LCD.o
 .debug_ranges  0x00000110       0x30 HAL/LED/src/LED.o
 .debug_ranges  0x00000140       0x10 main.o
 .debug_ranges  0x00000150       0x38 MCAL/DIO/src/DIO.o
 .debug_ranges  0x00000188       0x10 MCAL/DIO/src/DIO_CFG.o
 .debug_ranges  0x00000198       0x28 MCAL/SPI/src/SPI.o
 .debug_ranges  0x000001c0       0x38 MCAL/UART/src/UART.o

.debug_macro
 *(.debug_macro)
OUTPUT(ProjectSH.elf elf32-avr)
LOAD linker stubs
